// Jest Snapshot v1, https://goo.gl/fbAQLP

exports[`Detail screen matches initial snapshot 1`] = `
<Workflow>
  <LinearGradient
    colors={
      Array [
        "#8E2DE2",
        "#4A00E0",
      ]
    }
    style={
      Object {
        "alignItems": "center",
        "backgroundColor": "#F5FCFF",
        "flex": 1,
        "justifyContent": "center",
        "opacity": 0.9,
        "padding": 18,
      }
    }
  >
    <_class
      colors={
        Array [
          4287507938,
          4283039968,
        ]
      }
      locations={null}
      style={
        Object {
          "alignItems": "center",
          "backgroundColor": "#F5FCFF",
          "flex": 1,
          "justifyContent": "center",
          "opacity": 0.9,
          "padding": 18,
        }
      }
    >
      <BVLinearGradient
        colors={
          Array [
            4287507938,
            4283039968,
          ]
        }
        locations={null}
        style={
          Object {
            "alignItems": "center",
            "backgroundColor": "#F5FCFF",
            "flex": 1,
            "justifyContent": "center",
            "opacity": 0.9,
            "padding": 18,
          }
        }
      >
        <ScrollView>
          <_class>
            <RCTScrollView>
              <Component>
                <View>
                  <FlowItem
                    description="What I do when I wake up."
                    steps={
                      Array [
                        Object {
                          "description": "Go to the bathroom",
                          "timer": 10,
                          "title": "Wash",
                        },
                        Object {
                          "description": "Have a quiet time to meditate",
                          "timer": 20,
                          "title": "Meditate",
                        },
                        Object {
                          "description": "Breakfast time",
                          "timer": 20,
                          "title": "Eat",
                        },
                        Object {
                          "description": "Find and put the right clothes.",
                          "timer": 10,
                          "title": "Clothe",
                        },
                      ]
                    }
                    title="Moring flow"
                  >
                    <TouchableOpacity
                      activeOpacity={0.2}
                      style={
                        Object {
                          "borderLeftColor": "#ffffff",
                          "borderLeftWidth": 3,
                          "marginBottom": 20,
                          "paddingLeft": 10,
                        }
                      }
                    >
                      <AnimatedComponent
                        accessible={true}
                        isTVSelectable={true}
                        onResponderGrant={[Function]}
                        onResponderMove={[Function]}
                        onResponderRelease={[Function]}
                        onResponderTerminate={[Function]}
                        onResponderTerminationRequest={[Function]}
                        onStartShouldSetResponder={[Function]}
                        style={
                          Array [
                            Object {
                              "borderLeftColor": "#ffffff",
                              "borderLeftWidth": 3,
                              "marginBottom": 20,
                              "paddingLeft": 10,
                            },
                            Object {
                              "opacity": 1,
                            },
                          ]
                        }
                      >
                        <Component
                          accessible={true}
                          isTVSelectable={true}
                          onResponderGrant={[Function]}
                          onResponderMove={[Function]}
                          onResponderRelease={[Function]}
                          onResponderTerminate={[Function]}
                          onResponderTerminationRequest={[Function]}
                          onStartShouldSetResponder={[Function]}
                          style={
                            Object {
                              "borderLeftColor": "#ffffff",
                              "borderLeftWidth": 3,
                              "marginBottom": 20,
                              "opacity": 1,
                              "paddingLeft": 10,
                            }
                          }
                        >
                          <View
                            accessible={true}
                            isTVSelectable={true}
                            onResponderGrant={[Function]}
                            onResponderMove={[Function]}
                            onResponderRelease={[Function]}
                            onResponderTerminate={[Function]}
                            onResponderTerminationRequest={[Function]}
                            onStartShouldSetResponder={[Function]}
                            style={
                              Object {
                                "borderLeftColor": "#ffffff",
                                "borderLeftWidth": 3,
                                "marginBottom": 20,
                                "opacity": 1,
                                "paddingLeft": 10,
                              }
                            }
                          >
                            <CustomText
                              bold={true}
                              style={
                                Object {
                                  "color": "#ffffff",
                                  "fontSize": 18,
                                  "fontWeight": "bold",
                                }
                              }
                            >
                              <Text
                                accessible={true}
                                allowFontScaling={true}
                                ellipsizeMode="tail"
                                style={
                                  Array [
                                    Object {
                                      "fontFamily": "Ubuntu-Regular",
                                    },
                                    Object {
                                      "fontFamily": "Ubuntu-Bold",
                                    },
                                    Object {
                                      "color": "#ffffff",
                                      "fontSize": 18,
                                      "fontWeight": "bold",
                                    },
                                  ]
                                }
                              >
                                <Text
                                  accessible={true}
                                  allowFontScaling={true}
                                  ellipsizeMode="tail"
                                  style={
                                    Array [
                                      Object {
                                        "fontFamily": "Ubuntu-Regular",
                                      },
                                      Object {
                                        "fontFamily": "Ubuntu-Bold",
                                      },
                                      Object {
                                        "color": "#ffffff",
                                        "fontSize": 18,
                                        "fontWeight": "bold",
                                      },
                                    ]
                                  }
                                >
                                  Moring flow
                                </Text>
                              </Text>
                            </CustomText>
                            <CustomText
                              style={
                                Object {
                                  "color": "#ffffff",
                                  "fontSize": 14,
                                }
                              }
                            >
                              <Text
                                accessible={true}
                                allowFontScaling={true}
                                ellipsizeMode="tail"
                                style={
                                  Array [
                                    Object {
                                      "fontFamily": "Ubuntu-Regular",
                                    },
                                    null,
                                    Object {
                                      "color": "#ffffff",
                                      "fontSize": 14,
                                    },
                                  ]
                                }
                              >
                                <Text
                                  accessible={true}
                                  allowFontScaling={true}
                                  ellipsizeMode="tail"
                                  style={
                                    Array [
                                      Object {
                                        "fontFamily": "Ubuntu-Regular",
                                      },
                                      null,
                                      Object {
                                        "color": "#ffffff",
                                        "fontSize": 14,
                                      },
                                    ]
                                  }
                                >
                                  What I do when I wake up.
                                </Text>
                              </Text>
                            </CustomText>
                          </View>
                        </Component>
                      </AnimatedComponent>
                    </TouchableOpacity>
                  </FlowItem>
                  <Component
                    key="0"
                    style={
                      Object {
                        "flexDirection": "row",
                        "margin": 10,
                      }
                    }
                  >
                    <View
                      style={
                        Object {
                          "flexDirection": "row",
                          "margin": 10,
                        }
                      }
                    >
                      <Component
                        style={
                          Object {
                            "marginHorizontal": 10,
                          }
                        }
                      >
                        <View
                          style={
                            Object {
                              "marginHorizontal": 10,
                            }
                          }
                        >
                          <CustomText
                            style={
                              Array [
                                Object {
                                  "color": "#FFFFFF",
                                  "fontSize": 14,
                                },
                                Object {
                                  "borderColor": "#FFFFFF",
                                  "borderRadius": 15,
                                  "borderWidth": 1,
                                  "height": 30,
                                  "lineHeight": 26,
                                  "textAlign": "center",
                                  "textAlignVertical": "center",
                                  "width": 30,
                                },
                              ]
                            }
                          >
                            <Text
                              accessible={true}
                              allowFontScaling={true}
                              ellipsizeMode="tail"
                              style={
                                Array [
                                  Object {
                                    "fontFamily": "Ubuntu-Regular",
                                  },
                                  null,
                                  Array [
                                    Object {
                                      "color": "#FFFFFF",
                                      "fontSize": 14,
                                    },
                                    Object {
                                      "borderColor": "#FFFFFF",
                                      "borderRadius": 15,
                                      "borderWidth": 1,
                                      "height": 30,
                                      "lineHeight": 26,
                                      "textAlign": "center",
                                      "textAlignVertical": "center",
                                      "width": 30,
                                    },
                                  ],
                                ]
                              }
                            >
                              <Text
                                accessible={true}
                                allowFontScaling={true}
                                ellipsizeMode="tail"
                                style={
                                  Array [
                                    Object {
                                      "fontFamily": "Ubuntu-Regular",
                                    },
                                    null,
                                    Array [
                                      Object {
                                        "color": "#FFFFFF",
                                        "fontSize": 14,
                                      },
                                      Object {
                                        "borderColor": "#FFFFFF",
                                        "borderRadius": 15,
                                        "borderWidth": 1,
                                        "height": 30,
                                        "lineHeight": 26,
                                        "textAlign": "center",
                                        "textAlignVertical": "center",
                                        "width": 30,
                                      },
                                    ],
                                  ]
                                }
                              >
                                0
                              </Text>
                            </Text>
                          </CustomText>
                        </View>
                      </Component>
                      <Component>
                        <View>
                          <CustomText
                            style={
                              Array [
                                Object {
                                  "color": "#FFFFFF",
                                  "fontSize": 14,
                                },
                              ]
                            }
                          >
                            <Text
                              accessible={true}
                              allowFontScaling={true}
                              ellipsizeMode="tail"
                              style={
                                Array [
                                  Object {
                                    "fontFamily": "Ubuntu-Regular",
                                  },
                                  null,
                                  Array [
                                    Object {
                                      "color": "#FFFFFF",
                                      "fontSize": 14,
                                    },
                                  ],
                                ]
                              }
                            >
                              <Text
                                accessible={true}
                                allowFontScaling={true}
                                ellipsizeMode="tail"
                                style={
                                  Array [
                                    Object {
                                      "fontFamily": "Ubuntu-Regular",
                                    },
                                    null,
                                    Array [
                                      Object {
                                        "color": "#FFFFFF",
                                        "fontSize": 14,
                                      },
                                    ],
                                  ]
                                }
                              >
                                10
                                "
                              </Text>
                            </Text>
                          </CustomText>
                        </View>
                      </Component>
                      <Component
                        style={
                          Object {
                            "marginHorizontal": 10,
                          }
                        }
                      >
                        <View
                          style={
                            Object {
                              "marginHorizontal": 10,
                            }
                          }
                        >
                          <CustomText
                            style={
                              Array [
                                Object {
                                  "color": "#FFFFFF",
                                  "fontSize": 14,
                                },
                                Object {
                                  "fontWeight": "bold",
                                },
                              ]
                            }
                          >
                            <Text
                              accessible={true}
                              allowFontScaling={true}
                              ellipsizeMode="tail"
                              style={
                                Array [
                                  Object {
                                    "fontFamily": "Ubuntu-Regular",
                                  },
                                  null,
                                  Array [
                                    Object {
                                      "color": "#FFFFFF",
                                      "fontSize": 14,
                                    },
                                    Object {
                                      "fontWeight": "bold",
                                    },
                                  ],
                                ]
                              }
                            >
                              <Text
                                accessible={true}
                                allowFontScaling={true}
                                ellipsizeMode="tail"
                                style={
                                  Array [
                                    Object {
                                      "fontFamily": "Ubuntu-Regular",
                                    },
                                    null,
                                    Array [
                                      Object {
                                        "color": "#FFFFFF",
                                        "fontSize": 14,
                                      },
                                      Object {
                                        "fontWeight": "bold",
                                      },
                                    ],
                                  ]
                                }
                              >
                                Wash
                              </Text>
                            </Text>
                          </CustomText>
                          <CustomText
                            style={
                              Array [
                                Object {
                                  "color": "#FFFFFF",
                                  "fontSize": 14,
                                },
                              ]
                            }
                          >
                            <Text
                              accessible={true}
                              allowFontScaling={true}
                              ellipsizeMode="tail"
                              style={
                                Array [
                                  Object {
                                    "fontFamily": "Ubuntu-Regular",
                                  },
                                  null,
                                  Array [
                                    Object {
                                      "color": "#FFFFFF",
                                      "fontSize": 14,
                                    },
                                  ],
                                ]
                              }
                            >
                              <Text
                                accessible={true}
                                allowFontScaling={true}
                                ellipsizeMode="tail"
                                style={
                                  Array [
                                    Object {
                                      "fontFamily": "Ubuntu-Regular",
                                    },
                                    null,
                                    Array [
                                      Object {
                                        "color": "#FFFFFF",
                                        "fontSize": 14,
                                      },
                                    ],
                                  ]
                                }
                              >
                                Go to the bathroom
                              </Text>
                            </Text>
                          </CustomText>
                        </View>
                      </Component>
                    </View>
                  </Component>
                  <Component
                    key="1"
                    style={
                      Object {
                        "flexDirection": "row",
                        "margin": 10,
                      }
                    }
                  >
                    <View
                      style={
                        Object {
                          "flexDirection": "row",
                          "margin": 10,
                        }
                      }
                    >
                      <Component
                        style={
                          Object {
                            "marginHorizontal": 10,
                          }
                        }
                      >
                        <View
                          style={
                            Object {
                              "marginHorizontal": 10,
                            }
                          }
                        >
                          <CustomText
                            style={
                              Array [
                                Object {
                                  "color": "#FFFFFF",
                                  "fontSize": 14,
                                },
                                Object {
                                  "borderColor": "#FFFFFF",
                                  "borderRadius": 15,
                                  "borderWidth": 1,
                                  "height": 30,
                                  "lineHeight": 26,
                                  "textAlign": "center",
                                  "textAlignVertical": "center",
                                  "width": 30,
                                },
                              ]
                            }
                          >
                            <Text
                              accessible={true}
                              allowFontScaling={true}
                              ellipsizeMode="tail"
                              style={
                                Array [
                                  Object {
                                    "fontFamily": "Ubuntu-Regular",
                                  },
                                  null,
                                  Array [
                                    Object {
                                      "color": "#FFFFFF",
                                      "fontSize": 14,
                                    },
                                    Object {
                                      "borderColor": "#FFFFFF",
                                      "borderRadius": 15,
                                      "borderWidth": 1,
                                      "height": 30,
                                      "lineHeight": 26,
                                      "textAlign": "center",
                                      "textAlignVertical": "center",
                                      "width": 30,
                                    },
                                  ],
                                ]
                              }
                            >
                              <Text
                                accessible={true}
                                allowFontScaling={true}
                                ellipsizeMode="tail"
                                style={
                                  Array [
                                    Object {
                                      "fontFamily": "Ubuntu-Regular",
                                    },
                                    null,
                                    Array [
                                      Object {
                                        "color": "#FFFFFF",
                                        "fontSize": 14,
                                      },
                                      Object {
                                        "borderColor": "#FFFFFF",
                                        "borderRadius": 15,
                                        "borderWidth": 1,
                                        "height": 30,
                                        "lineHeight": 26,
                                        "textAlign": "center",
                                        "textAlignVertical": "center",
                                        "width": 30,
                                      },
                                    ],
                                  ]
                                }
                              >
                                1
                              </Text>
                            </Text>
                          </CustomText>
                        </View>
                      </Component>
                      <Component>
                        <View>
                          <CustomText
                            style={
                              Array [
                                Object {
                                  "color": "#FFFFFF",
                                  "fontSize": 14,
                                },
                              ]
                            }
                          >
                            <Text
                              accessible={true}
                              allowFontScaling={true}
                              ellipsizeMode="tail"
                              style={
                                Array [
                                  Object {
                                    "fontFamily": "Ubuntu-Regular",
                                  },
                                  null,
                                  Array [
                                    Object {
                                      "color": "#FFFFFF",
                                      "fontSize": 14,
                                    },
                                  ],
                                ]
                              }
                            >
                              <Text
                                accessible={true}
                                allowFontScaling={true}
                                ellipsizeMode="tail"
                                style={
                                  Array [
                                    Object {
                                      "fontFamily": "Ubuntu-Regular",
                                    },
                                    null,
                                    Array [
                                      Object {
                                        "color": "#FFFFFF",
                                        "fontSize": 14,
                                      },
                                    ],
                                  ]
                                }
                              >
                                20
                                "
                              </Text>
                            </Text>
                          </CustomText>
                        </View>
                      </Component>
                      <Component
                        style={
                          Object {
                            "marginHorizontal": 10,
                          }
                        }
                      >
                        <View
                          style={
                            Object {
                              "marginHorizontal": 10,
                            }
                          }
                        >
                          <CustomText
                            style={
                              Array [
                                Object {
                                  "color": "#FFFFFF",
                                  "fontSize": 14,
                                },
                                Object {
                                  "fontWeight": "bold",
                                },
                              ]
                            }
                          >
                            <Text
                              accessible={true}
                              allowFontScaling={true}
                              ellipsizeMode="tail"
                              style={
                                Array [
                                  Object {
                                    "fontFamily": "Ubuntu-Regular",
                                  },
                                  null,
                                  Array [
                                    Object {
                                      "color": "#FFFFFF",
                                      "fontSize": 14,
                                    },
                                    Object {
                                      "fontWeight": "bold",
                                    },
                                  ],
                                ]
                              }
                            >
                              <Text
                                accessible={true}
                                allowFontScaling={true}
                                ellipsizeMode="tail"
                                style={
                                  Array [
                                    Object {
                                      "fontFamily": "Ubuntu-Regular",
                                    },
                                    null,
                                    Array [
                                      Object {
                                        "color": "#FFFFFF",
                                        "fontSize": 14,
                                      },
                                      Object {
                                        "fontWeight": "bold",
                                      },
                                    ],
                                  ]
                                }
                              >
                                Meditate
                              </Text>
                            </Text>
                          </CustomText>
                          <CustomText
                            style={
                              Array [
                                Object {
                                  "color": "#FFFFFF",
                                  "fontSize": 14,
                                },
                              ]
                            }
                          >
                            <Text
                              accessible={true}
                              allowFontScaling={true}
                              ellipsizeMode="tail"
                              style={
                                Array [
                                  Object {
                                    "fontFamily": "Ubuntu-Regular",
                                  },
                                  null,
                                  Array [
                                    Object {
                                      "color": "#FFFFFF",
                                      "fontSize": 14,
                                    },
                                  ],
                                ]
                              }
                            >
                              <Text
                                accessible={true}
                                allowFontScaling={true}
                                ellipsizeMode="tail"
                                style={
                                  Array [
                                    Object {
                                      "fontFamily": "Ubuntu-Regular",
                                    },
                                    null,
                                    Array [
                                      Object {
                                        "color": "#FFFFFF",
                                        "fontSize": 14,
                                      },
                                    ],
                                  ]
                                }
                              >
                                Have a quiet time to meditate
                              </Text>
                            </Text>
                          </CustomText>
                        </View>
                      </Component>
                    </View>
                  </Component>
                  <Component
                    key="2"
                    style={
                      Object {
                        "flexDirection": "row",
                        "margin": 10,
                      }
                    }
                  >
                    <View
                      style={
                        Object {
                          "flexDirection": "row",
                          "margin": 10,
                        }
                      }
                    >
                      <Component
                        style={
                          Object {
                            "marginHorizontal": 10,
                          }
                        }
                      >
                        <View
                          style={
                            Object {
                              "marginHorizontal": 10,
                            }
                          }
                        >
                          <CustomText
                            style={
                              Array [
                                Object {
                                  "color": "#FFFFFF",
                                  "fontSize": 14,
                                },
                                Object {
                                  "borderColor": "#FFFFFF",
                                  "borderRadius": 15,
                                  "borderWidth": 1,
                                  "height": 30,
                                  "lineHeight": 26,
                                  "textAlign": "center",
                                  "textAlignVertical": "center",
                                  "width": 30,
                                },
                              ]
                            }
                          >
                            <Text
                              accessible={true}
                              allowFontScaling={true}
                              ellipsizeMode="tail"
                              style={
                                Array [
                                  Object {
                                    "fontFamily": "Ubuntu-Regular",
                                  },
                                  null,
                                  Array [
                                    Object {
                                      "color": "#FFFFFF",
                                      "fontSize": 14,
                                    },
                                    Object {
                                      "borderColor": "#FFFFFF",
                                      "borderRadius": 15,
                                      "borderWidth": 1,
                                      "height": 30,
                                      "lineHeight": 26,
                                      "textAlign": "center",
                                      "textAlignVertical": "center",
                                      "width": 30,
                                    },
                                  ],
                                ]
                              }
                            >
                              <Text
                                accessible={true}
                                allowFontScaling={true}
                                ellipsizeMode="tail"
                                style={
                                  Array [
                                    Object {
                                      "fontFamily": "Ubuntu-Regular",
                                    },
                                    null,
                                    Array [
                                      Object {
                                        "color": "#FFFFFF",
                                        "fontSize": 14,
                                      },
                                      Object {
                                        "borderColor": "#FFFFFF",
                                        "borderRadius": 15,
                                        "borderWidth": 1,
                                        "height": 30,
                                        "lineHeight": 26,
                                        "textAlign": "center",
                                        "textAlignVertical": "center",
                                        "width": 30,
                                      },
                                    ],
                                  ]
                                }
                              >
                                2
                              </Text>
                            </Text>
                          </CustomText>
                        </View>
                      </Component>
                      <Component>
                        <View>
                          <CustomText
                            style={
                              Array [
                                Object {
                                  "color": "#FFFFFF",
                                  "fontSize": 14,
                                },
                              ]
                            }
                          >
                            <Text
                              accessible={true}
                              allowFontScaling={true}
                              ellipsizeMode="tail"
                              style={
                                Array [
                                  Object {
                                    "fontFamily": "Ubuntu-Regular",
                                  },
                                  null,
                                  Array [
                                    Object {
                                      "color": "#FFFFFF",
                                      "fontSize": 14,
                                    },
                                  ],
                                ]
                              }
                            >
                              <Text
                                accessible={true}
                                allowFontScaling={true}
                                ellipsizeMode="tail"
                                style={
                                  Array [
                                    Object {
                                      "fontFamily": "Ubuntu-Regular",
                                    },
                                    null,
                                    Array [
                                      Object {
                                        "color": "#FFFFFF",
                                        "fontSize": 14,
                                      },
                                    ],
                                  ]
                                }
                              >
                                20
                                "
                              </Text>
                            </Text>
                          </CustomText>
                        </View>
                      </Component>
                      <Component
                        style={
                          Object {
                            "marginHorizontal": 10,
                          }
                        }
                      >
                        <View
                          style={
                            Object {
                              "marginHorizontal": 10,
                            }
                          }
                        >
                          <CustomText
                            style={
                              Array [
                                Object {
                                  "color": "#FFFFFF",
                                  "fontSize": 14,
                                },
                                Object {
                                  "fontWeight": "bold",
                                },
                              ]
                            }
                          >
                            <Text
                              accessible={true}
                              allowFontScaling={true}
                              ellipsizeMode="tail"
                              style={
                                Array [
                                  Object {
                                    "fontFamily": "Ubuntu-Regular",
                                  },
                                  null,
                                  Array [
                                    Object {
                                      "color": "#FFFFFF",
                                      "fontSize": 14,
                                    },
                                    Object {
                                      "fontWeight": "bold",
                                    },
                                  ],
                                ]
                              }
                            >
                              <Text
                                accessible={true}
                                allowFontScaling={true}
                                ellipsizeMode="tail"
                                style={
                                  Array [
                                    Object {
                                      "fontFamily": "Ubuntu-Regular",
                                    },
                                    null,
                                    Array [
                                      Object {
                                        "color": "#FFFFFF",
                                        "fontSize": 14,
                                      },
                                      Object {
                                        "fontWeight": "bold",
                                      },
                                    ],
                                  ]
                                }
                              >
                                Eat
                              </Text>
                            </Text>
                          </CustomText>
                          <CustomText
                            style={
                              Array [
                                Object {
                                  "color": "#FFFFFF",
                                  "fontSize": 14,
                                },
                              ]
                            }
                          >
                            <Text
                              accessible={true}
                              allowFontScaling={true}
                              ellipsizeMode="tail"
                              style={
                                Array [
                                  Object {
                                    "fontFamily": "Ubuntu-Regular",
                                  },
                                  null,
                                  Array [
                                    Object {
                                      "color": "#FFFFFF",
                                      "fontSize": 14,
                                    },
                                  ],
                                ]
                              }
                            >
                              <Text
                                accessible={true}
                                allowFontScaling={true}
                                ellipsizeMode="tail"
                                style={
                                  Array [
                                    Object {
                                      "fontFamily": "Ubuntu-Regular",
                                    },
                                    null,
                                    Array [
                                      Object {
                                        "color": "#FFFFFF",
                                        "fontSize": 14,
                                      },
                                    ],
                                  ]
                                }
                              >
                                Breakfast time
                              </Text>
                            </Text>
                          </CustomText>
                        </View>
                      </Component>
                    </View>
                  </Component>
                  <Component
                    key="3"
                    style={
                      Object {
                        "flexDirection": "row",
                        "margin": 10,
                      }
                    }
                  >
                    <View
                      style={
                        Object {
                          "flexDirection": "row",
                          "margin": 10,
                        }
                      }
                    >
                      <Component
                        style={
                          Object {
                            "marginHorizontal": 10,
                          }
                        }
                      >
                        <View
                          style={
                            Object {
                              "marginHorizontal": 10,
                            }
                          }
                        >
                          <CustomText
                            style={
                              Array [
                                Object {
                                  "color": "#FFFFFF",
                                  "fontSize": 14,
                                },
                                Object {
                                  "borderColor": "#FFFFFF",
                                  "borderRadius": 15,
                                  "borderWidth": 1,
                                  "height": 30,
                                  "lineHeight": 26,
                                  "textAlign": "center",
                                  "textAlignVertical": "center",
                                  "width": 30,
                                },
                              ]
                            }
                          >
                            <Text
                              accessible={true}
                              allowFontScaling={true}
                              ellipsizeMode="tail"
                              style={
                                Array [
                                  Object {
                                    "fontFamily": "Ubuntu-Regular",
                                  },
                                  null,
                                  Array [
                                    Object {
                                      "color": "#FFFFFF",
                                      "fontSize": 14,
                                    },
                                    Object {
                                      "borderColor": "#FFFFFF",
                                      "borderRadius": 15,
                                      "borderWidth": 1,
                                      "height": 30,
                                      "lineHeight": 26,
                                      "textAlign": "center",
                                      "textAlignVertical": "center",
                                      "width": 30,
                                    },
                                  ],
                                ]
                              }
                            >
                              <Text
                                accessible={true}
                                allowFontScaling={true}
                                ellipsizeMode="tail"
                                style={
                                  Array [
                                    Object {
                                      "fontFamily": "Ubuntu-Regular",
                                    },
                                    null,
                                    Array [
                                      Object {
                                        "color": "#FFFFFF",
                                        "fontSize": 14,
                                      },
                                      Object {
                                        "borderColor": "#FFFFFF",
                                        "borderRadius": 15,
                                        "borderWidth": 1,
                                        "height": 30,
                                        "lineHeight": 26,
                                        "textAlign": "center",
                                        "textAlignVertical": "center",
                                        "width": 30,
                                      },
                                    ],
                                  ]
                                }
                              >
                                3
                              </Text>
                            </Text>
                          </CustomText>
                        </View>
                      </Component>
                      <Component>
                        <View>
                          <CustomText
                            style={
                              Array [
                                Object {
                                  "color": "#FFFFFF",
                                  "fontSize": 14,
                                },
                              ]
                            }
                          >
                            <Text
                              accessible={true}
                              allowFontScaling={true}
                              ellipsizeMode="tail"
                              style={
                                Array [
                                  Object {
                                    "fontFamily": "Ubuntu-Regular",
                                  },
                                  null,
                                  Array [
                                    Object {
                                      "color": "#FFFFFF",
                                      "fontSize": 14,
                                    },
                                  ],
                                ]
                              }
                            >
                              <Text
                                accessible={true}
                                allowFontScaling={true}
                                ellipsizeMode="tail"
                                style={
                                  Array [
                                    Object {
                                      "fontFamily": "Ubuntu-Regular",
                                    },
                                    null,
                                    Array [
                                      Object {
                                        "color": "#FFFFFF",
                                        "fontSize": 14,
                                      },
                                    ],
                                  ]
                                }
                              >
                                10
                                "
                              </Text>
                            </Text>
                          </CustomText>
                        </View>
                      </Component>
                      <Component
                        style={
                          Object {
                            "marginHorizontal": 10,
                          }
                        }
                      >
                        <View
                          style={
                            Object {
                              "marginHorizontal": 10,
                            }
                          }
                        >
                          <CustomText
                            style={
                              Array [
                                Object {
                                  "color": "#FFFFFF",
                                  "fontSize": 14,
                                },
                                Object {
                                  "fontWeight": "bold",
                                },
                              ]
                            }
                          >
                            <Text
                              accessible={true}
                              allowFontScaling={true}
                              ellipsizeMode="tail"
                              style={
                                Array [
                                  Object {
                                    "fontFamily": "Ubuntu-Regular",
                                  },
                                  null,
                                  Array [
                                    Object {
                                      "color": "#FFFFFF",
                                      "fontSize": 14,
                                    },
                                    Object {
                                      "fontWeight": "bold",
                                    },
                                  ],
                                ]
                              }
                            >
                              <Text
                                accessible={true}
                                allowFontScaling={true}
                                ellipsizeMode="tail"
                                style={
                                  Array [
                                    Object {
                                      "fontFamily": "Ubuntu-Regular",
                                    },
                                    null,
                                    Array [
                                      Object {
                                        "color": "#FFFFFF",
                                        "fontSize": 14,
                                      },
                                      Object {
                                        "fontWeight": "bold",
                                      },
                                    ],
                                  ]
                                }
                              >
                                Clothe
                              </Text>
                            </Text>
                          </CustomText>
                          <CustomText
                            style={
                              Array [
                                Object {
                                  "color": "#FFFFFF",
                                  "fontSize": 14,
                                },
                              ]
                            }
                          >
                            <Text
                              accessible={true}
                              allowFontScaling={true}
                              ellipsizeMode="tail"
                              style={
                                Array [
                                  Object {
                                    "fontFamily": "Ubuntu-Regular",
                                  },
                                  null,
                                  Array [
                                    Object {
                                      "color": "#FFFFFF",
                                      "fontSize": 14,
                                    },
                                  ],
                                ]
                              }
                            >
                              <Text
                                accessible={true}
                                allowFontScaling={true}
                                ellipsizeMode="tail"
                                style={
                                  Array [
                                    Object {
                                      "fontFamily": "Ubuntu-Regular",
                                    },
                                    null,
                                    Array [
                                      Object {
                                        "color": "#FFFFFF",
                                        "fontSize": 14,
                                      },
                                    ],
                                  ]
                                }
                              >
                                Find and put the right clothes.
                              </Text>
                            </Text>
                          </CustomText>
                        </View>
                      </Component>
                    </View>
                  </Component>
                </View>
              </Component>
            </RCTScrollView>
          </_class>
        </ScrollView>
      </BVLinearGradient>
    </_class>
  </LinearGradient>
</Workflow>
`;
